////////////////////////////////////////////////////////////////////////////////
// NXpython v23.3.0.2
// Build date and time:  2023-09-29 15:22:00
// Internal revision:    branch HEAD - hash c27499706...
//
// Distribution:         Ubuntu 22.04.3 LTS
// Execution date:       Mon Oct 30 16:52:38 2023
// Command line:         /opt/NanoXplore/nxmap/nxmap-23.3.0.2/bin/nxpython3 ./NX.py
// Process ID:           3239014
////////////////////////////////////////////////////////////////////////////////

16:52:39:info     |   ----------------------------------------------
16:52:39:info     |   - Operator Cells analysis                    -
16:52:39:info     |   ----------------------------------------------
16:52:39:info     |     
16:52:39:info     |     Operator 'add_8u_8u'
16:52:39:info     |     	 : add_L76	(line 76 in ../test2.vhd)
16:52:39:info     | ////////////////////////////////////////////////////////////////////////////////
16:52:39:info     | // Synthesized Data
16:52:39:info     | ////////////////////////////////////////////////////////////////////////////////
16:52:39:info     | Synthesized Operators : 
16:52:39:info     | 
16:52:39:info     | Operator'add_8u_8u'
16:52:39:info     | 	 : add_datao	(line 103 in ../test1.vhd)
16:52:39:info     | 
16:52:39:info     | Operator'add_8u_8u'
16:52:39:info     | 	 : add_L76	(line 76 in ../test2.vhd)
16:52:39:info     |   
16:52:39:info     |   ----------------------------------------------
16:52:39:info     |   - Operator Instances processing              -
16:52:39:info     |   ----------------------------------------------
16:52:39:info     |     Adder add_L76 can be mapped as:
16:52:39:info     |     15 LUTs with a depth of 6 levels
16:52:39:info     |     
16:52:39:info     |       Adder add_L76
16:52:39:info     |       	Will be mapped into a CY  chain
16:52:39:info     |       Standard Map into CY   [ FE: 0 CY: 2 DSP: 0 ] for: add_L76
16:52:39:info     | ////////////////////////////////////////////////////////////////////////////////
16:52:39:info     | // Mapped Data
16:52:39:info     | ////////////////////////////////////////////////////////////////////////////////
16:52:39:info     | Mapped Operators : 
16:52:39:info     | 
16:52:39:info     | Adder add_datao
16:52:39:info     | 	Will be mapped into a CY  chain
16:52:39:info     | 	[ FE: 0 CY: 2 DSP: 0 ]
16:52:39:info     | 
16:52:39:info     | Adder add_L76
16:52:39:info     | 	Will be mapped into a CY  chain
16:52:39:info     | 	[ FE: 0 CY: 2 DSP: 0 ]
16:52:39:info     | 
16:52:39:info     | Design instanciates [ FE: 0 CY: 4 DSP: 0 ]
