////////////////////////////////////////////////////////////////////////////////
// NXpython v23.3.0.2
// Build date and time:  2023-09-29 15:22:00
// Internal revision:    branch HEAD - hash c27499706...
//
// Distribution:         Ubuntu 22.04.3 LTS
// Execution date:       Mon Oct 30 16:52:27 2023
// Command line:         /opt/NanoXplore/nxmap/nxmap-23.3.0.2/bin/nxpython3 ./NX.py
// Process ID:           3239014
////////////////////////////////////////////////////////////////////////////////

16:52:27:info     |   ----------------------------------------------
16:52:27:info     |   - Unconnected Nets analysis                  -
16:52:27:info     |   ----------------------------------------------
16:52:28:info     |     
16:52:28:info     |     --------------------------------------------
16:52:28:info     |     - Cells Summary                            -
16:52:28:info     |     --------------------------------------------
16:52:28:info     |     
16:52:28:info     |     
16:52:28:info     |     --------------------------------------------
16:52:28:info     |     - Cells Global Report                      -
16:52:28:info     |     --------------------------------------------
16:52:28:info     |     
16:52:28:info     |     --------------------------------------------
16:52:28:info     |     - Cells Detailed Report                    -
16:52:28:info     |     --------------------------------------------
16:52:28:info     |     
