////////////////////////////////////////////////////////////////////////////////
// NXpython v23.3.0.2
// Build date and time:  2023-09-29 15:22:00
// Internal revision:    branch HEAD - hash c27499706...
//
// Distribution:         Ubuntu 22.04.3 LTS
// Execution date:       Tue Oct 31 10:37:35 2023
// Command line:         /opt/NanoXplore/nxmap/nxmap-23.3.0.2/bin/nxpython3 ./NX.py
// Process ID:           3370707
////////////////////////////////////////////////////////////////////////////////

10:37:36:info     |   ----------------------------------------------
10:37:36:info     |   - Finite State Machines Cells analysis       -
10:37:36:info     |   ----------------------------------------------
10:37:37:info     | ////////////////////////////////////////////////////////////////////////////////
10:37:37:info     | // Synthesized Data
10:37:37:info     | ////////////////////////////////////////////////////////////////////////////////
10:37:37:info     | FSMEncoding value : OneHot
10:37:37:info     | Synthesized State Machines : 
10:37:37:info     | Nothing to report
10:37:37:info     |   
10:37:37:info     |   ----------------------------------------------
10:37:37:info     |   - Finite State Machines Instances processing -
10:37:37:info     |   ----------------------------------------------
10:37:37:info     | ////////////////////////////////////////////////////////////////////////////////
10:37:37:info     | // Mapped Data
10:37:37:info     | ////////////////////////////////////////////////////////////////////////////////
10:37:37:info     | Mapped State Machines : 
10:37:37:info     | Nothing to report
