////////////////////////////////////////////////////////////////////////////////
// NXpython v23.3.0.2
// Build date and time:  2023-09-29 15:22:00
// Internal revision:    branch HEAD - hash c27499706...
//
// Distribution:         Ubuntu 22.04.3 LTS
// Execution date:       Tue Oct 31 09:26:01 2023
// Command line:         /opt/NanoXplore/nxmap/nxmap-23.3.0.2/bin/nxpython3 ./NX.py
// Process ID:           3334006
////////////////////////////////////////////////////////////////////////////////

09:26:02:info     | ////////////////////////////////////////////////////////////////////////////////
09:26:02:info     | // Synthesized Data
09:26:02:info     | ////////////////////////////////////////////////////////////////////////////////
09:26:02:info     | ----------------------------------------------
09:26:02:info     | - HDL Source code report                     -
09:26:02:info     | ----------------------------------------------
09:26:02:info     | 
09:26:02:info     | Synthesized HDL Files : 
09:26:02:info     | Top cell: test2_1 from : work:../test2-1.vhd
09:26:02:info     | 
09:26:02:info     | <Library>		:: <File>
09:26:02:info     | work		:: ../test1.vhd
09:26:02:info     | work		:: ../test2-1.vhd
