////////////////////////////////////////////////////////////////////////////////
// NXpython v23.3.0.2
// Build date and time:  2023-09-29 15:22:00
// Internal revision:    branch HEAD - hash c27499706...
//
// Distribution:         Ubuntu 22.04.3 LTS
// Execution date:       Tue Oct 31 09:26:01 2023
// Command line:         /opt/NanoXplore/nxmap/nxmap-23.3.0.2/bin/nxpython3 ./NX.py
// Process ID:           3334006
////////////////////////////////////////////////////////////////////////////////

09:26:03:info     |   
09:26:03:info     |   Reporting instances at state 'Synthesized':
09:26:03:info     |     +---------------+---------------+--------------+---------------+-------------+-------------+--------+-------------+-------------+------------+-----------+----------+------------+
                  |     |               |               |              |    1 - bit    |  Register   |    Cross    | Clock  |    Clock    |   Digital   |   Memory   |           |          |            |
                  |     |     4-LUT     |      DFF      |     XLUT     |     Carry     |    file     |   domain    | Buffer |   switch    |   signal    |   block    |    WFG    |   PLL    |    GCK     |
                  |     |               |               |              |               |    block    |    clock    |        |             |  processor  |            |           |          |            |
                  |     +---------------+---------------+--------------+---------------+-------------+-------------+--------+-------------+-------------+------------+-----------+----------+------------+
                  |     | 0/505344 (0%) | 0/505344 (0%) | 0/31584 (0%) | 0/126336 (0%) | 0/2632 (0%) | 0/2632 (0%) |   0    | 0/5264 (0%) | 0/1344 (0%) | 0/672 (0%) | 0/70 (0%) | 0/7 (0%) | 0/160 (0%) |
                  |     +---------------+---------------+--------------+---------------+-------------+-------------+--------+-------------+-------------+------------+-----------+----------+------------+
                  |     
09:26:03:info     |   Actual FE occupancy is 0/505344 (0%)
09:26:03:info     |     Nothing to report
09:26:03:info     |     
09:26:03:info     |     Several instances have registers, depending on configuration. Please check the CookBook or the NX Library Guide for more information.
09:26:03:info     |     The following table lists the number of registers for each instance type.
09:26:03:info     |     +----------++-----------------------+
                  |     |  Total   ||        Used By        |
                  |     | Register ||    |     |     |      |
                  |     |  Count   || FE | DSP | RAM | Pads |
                  |     +----------++----+-----+-----+------+
                  |     |    0     || 0  |  0  |  0  |  0   |
                  |     +----------++----+-----+-----+------+
                  |     
09:26:04:info     |   
09:26:04:info     |   Reporting instances at state 'Prepared':
09:26:04:info     |     +---------------+---------------+--------------+---------------+-------------+-------------+--------+-------------+-------------+------------+-----------+----------+------------+
                  |     |               |               |              |    1 - bit    |  Register   |    Cross    | Clock  |    Clock    |   Digital   |   Memory   |           |          |            |
                  |     |     4-LUT     |      DFF      |     XLUT     |     Carry     |    file     |   domain    | Buffer |   switch    |   signal    |   block    |    WFG    |   PLL    |    GCK     |
                  |     |               |               |              |               |    block    |    clock    |        |             |  processor  |            |           |          |            |
                  |     +---------------+---------------+--------------+---------------+-------------+-------------+--------+-------------+-------------+------------+-----------+----------+------------+
                  |     | 0/505344 (0%) | 0/505344 (0%) | 0/31584 (0%) | 0/126336 (0%) | 0/2632 (0%) | 0/2632 (0%) |   0    | 0/5264 (0%) | 0/1344 (0%) | 0/672 (0%) | 0/70 (0%) | 0/7 (0%) | 0/160 (0%) |
                  |     +---------------+---------------+--------------+---------------+-------------+-------------+--------+-------------+-------------+------------+-----------+----------+------------+
                  |     
09:26:04:info     |   Actual FE occupancy is 0/505344 (0%)
09:26:04:info     |     Nothing to report
09:26:04:info     |     
09:26:04:info     |     Several instances have registers, depending on configuration. Please check the CookBook or the NX Library Guide for more information.
09:26:04:info     |     The following table lists the number of registers for each instance type.
09:26:04:info     |     +----------++-----------------------+
                  |     |  Total   ||        Used By        |
                  |     | Register ||    |     |     |      |
                  |     |  Count   || FE | DSP | RAM | Pads |
                  |     +----------++----+-----+-----+------+
                  |     |    0     || 0  |  0  |  0  |  0   |
                  |     +----------++----+-----+-----+------+
                  |     
09:26:18:info     |   
09:26:18:info     |   Reporting instances at state 'Routed':
09:26:18:info     |     +---------------+---------------+--------------+---------------+-------------+-------------+--------+-------------+-------------+------------+-----------+----------+------------+
                  |     |               |               |              |    1 - bit    |  Register   |    Cross    | Clock  |    Clock    |   Digital   |   Memory   |           |          |            |
                  |     |     4-LUT     |      DFF      |     XLUT     |     Carry     |    file     |   domain    | Buffer |   switch    |   signal    |   block    |    WFG    |   PLL    |    GCK     |
                  |     |               |               |              |               |    block    |    clock    |        |             |  processor  |            |           |          |            |
                  |     +---------------+---------------+--------------+---------------+-------------+-------------+--------+-------------+-------------+------------+-----------+----------+------------+
                  |     | 0/505344 (0%) | 0/505344 (0%) | 0/31584 (0%) | 0/126336 (0%) | 0/2632 (0%) | 0/2632 (0%) |   0    | 0/5264 (0%) | 0/1344 (0%) | 0/672 (0%) | 0/70 (0%) | 0/7 (0%) | 0/160 (0%) |
                  |     +---------------+---------------+--------------+---------------+-------------+-------------+--------+-------------+-------------+------------+-----------+----------+------------+
                  |     
09:26:18:info     |   Actual FE occupancy is 0/505344 (0%)
09:26:18:info     |     Nothing to report
09:26:18:info     |     
09:26:18:info     |     Several instances have registers, depending on configuration. Please check the CookBook or the NX Library Guide for more information.
09:26:18:info     |     The following table lists the number of registers for each instance type.
09:26:18:info     |     +----------++-----------------------+
                  |     |  Total   ||        Used By        |
                  |     | Register ||    |     |     |      |
                  |     |  Count   || FE | DSP | RAM | Pads |
                  |     +----------++----+-----+-----+------+
                  |     |    0     || 0  |  0  |  0  |  0   |
                  |     +----------++----+-----+-----+------+
                  |     
