////////////////////////////////////////////////////////////////////////////////
// NXpython v23.3.0.2
// Build date and time:  2023-09-29 15:22:00
// Internal revision:    branch HEAD - hash c27499706...
//
// Distribution:         Ubuntu 22.04.3 LTS
// Execution date:       Tue Oct 31 09:23:00 2023
// Command line:         /opt/NanoXplore/nxmap/nxmap-23.3.0.2/bin/nxpython3 ./NX.py
// Process ID:           3332651
////////////////////////////////////////////////////////////////////////////////

09:23:00:info     |   ----------------------------------------------
09:23:00:info     |   - Operator Cells analysis                    -
09:23:00:info     |   ----------------------------------------------
09:23:01:info     | ////////////////////////////////////////////////////////////////////////////////
09:23:01:info     | // Synthesized Data
09:23:01:info     | ////////////////////////////////////////////////////////////////////////////////
09:23:01:info     | Synthesized Operators : 
09:23:01:info     | 
09:23:01:info     | Operator'add_8u_8u'
09:23:01:info     | 	 : add_datao	(line 103 in ../test1.vhd)
09:23:01:info     |   
09:23:01:info     |   ----------------------------------------------
09:23:01:info     |   - Operator Instances processing              -
09:23:01:info     |   ----------------------------------------------
09:23:01:info     | ////////////////////////////////////////////////////////////////////////////////
09:23:01:info     | // Mapped Data
09:23:01:info     | ////////////////////////////////////////////////////////////////////////////////
09:23:01:info     | Mapped Operators : 
09:23:01:info     | 
09:23:01:info     | Adder add_datao
09:23:01:info     | 	Will be mapped into a CY  chain
09:23:01:info     | 	[ FE: 0 CY: 2 DSP: 0 ]
09:23:01:info     | 
09:23:01:info     | Design instanciates [ FE: 0 CY: 2 DSP: 0 ]
