////////////////////////////////////////////////////////////////////////////////
// NXpython v23.3.0.2
// Build date and time:  2023-09-29 15:22:00
// Internal revision:    branch HEAD - hash c27499706...
//
// Distribution:         Ubuntu 22.04.3 LTS
// Execution date:       Tue Oct 31 10:37:35 2023
// Command line:         /opt/NanoXplore/nxmap/nxmap-23.3.0.2/bin/nxpython3 ./NX.py
// Process ID:           3370707
////////////////////////////////////////////////////////////////////////////////

10:37:37:info     | ////////////////////////////////////////////////////////////////////////////////
10:37:37:info     | // Synthesized Data
10:37:37:info     | ////////////////////////////////////////////////////////////////////////////////
10:37:37:info     | Summary
10:37:37:info     | +-----------+-------+------------+-------+-----------+
                  | | Registers | Buses | Clock Nets | Inits | No Resets |
                  | +-----------+-------+------------+-------+-----------+
                  | | 8         | 1     | 0          | 8     | 8         |
                  | +-----------+-------+------------+-------+-----------+
                  | 
10:37:37:info     | Nothing to report
10:37:37:info     | ////////////////////////////////////////////////////////////////////////////////
10:37:37:info     | // Mapped Data
10:37:37:info     | ////////////////////////////////////////////////////////////////////////////////
10:37:37:info     | Summary
10:37:37:info     | +-----------+-------+------------+-------+-----------+
                  | | Registers | Buses | Clock Nets | Inits | No Resets |
                  | +-----------+-------+------------+-------+-----------+
                  | | 8         | 1     | 0          | 0     | 0         |
                  | +-----------+-------+------------+-------+-----------+
                  | 
10:37:37:info     | Nothing to report
10:37:37:info     | ////////////////////////////////////////////////////////////////////////////////
10:37:37:info     | // Converted Data
10:37:37:info     | ////////////////////////////////////////////////////////////////////////////////
10:37:37:info     | Summary
10:37:37:info     | +-----------+-------+------------+-------+-----------+
                  | | Registers | Buses | Clock Nets | Inits | No Resets |
                  | +-----------+-------+------------+-------+-----------+
                  | | 8         | 1     | 0          | 0     | 0         |
                  | +-----------+-------+------------+-------+-----------+
                  | 
10:37:37:info     | Nothing to report
10:37:40:info     | ////////////////////////////////////////////////////////////////////////////////
10:37:40:info     | // Prepared Data
10:37:40:info     | ////////////////////////////////////////////////////////////////////////////////
10:37:40:info     | Summary
10:37:40:info     | +-----------+-------+------------+-------+-----------+
                  | | Registers | Buses | Clock Nets | Inits | No Resets |
                  | +-----------+-------+------------+-------+-----------+
                  | | 8         | 1     | 0          | 0     | 0         |
                  | +-----------+-------+------------+-------+-----------+
                  | 
10:37:40:info     | Nothing to report
10:37:40:info     | ////////////////////////////////////////////////////////////////////////////////
10:37:40:info     | // Spreaded Data
10:37:40:info     | ////////////////////////////////////////////////////////////////////////////////
10:37:40:info     | Summary
10:37:40:info     | +-----------+-------+------------+-------+-----------+
                  | | Registers | Buses | Clock Nets | Inits | No Resets |
                  | +-----------+-------+------------+-------+-----------+
                  | | 8         | 1     | 0          | 0     | 0         |
                  | +-----------+-------+------------+-------+-----------+
                  | 
10:37:40:info     | Nothing to report
10:37:40:info     | ////////////////////////////////////////////////////////////////////////////////
10:37:40:info     | // Placed Data
10:37:40:info     | ////////////////////////////////////////////////////////////////////////////////
10:37:40:info     | Summary
10:37:40:info     | +-----------+-------+------------+-------+-----------+
                  | | Registers | Buses | Clock Nets | Inits | No Resets |
                  | +-----------+-------+------------+-------+-----------+
                  | | 8         | 1     | 0          | 0     | 0         |
                  | +-----------+-------+------------+-------+-----------+
                  | 
10:37:40:info     | Nothing to report
10:37:40:info     | ////////////////////////////////////////////////////////////////////////////////
10:37:40:info     | // Polished Data
10:37:40:info     | ////////////////////////////////////////////////////////////////////////////////
10:37:40:info     | Summary
10:37:40:info     | +-----------+-------+------------+-------+-----------+
                  | | Registers | Buses | Clock Nets | Inits | No Resets |
                  | +-----------+-------+------------+-------+-----------+
                  | | 8         | 1     | 0          | 0     | 0         |
                  | +-----------+-------+------------+-------+-----------+
                  | 
10:37:40:info     | Nothing to report
10:37:40:info     | ////////////////////////////////////////////////////////////////////////////////
10:37:40:info     | // Squaded Data
10:37:40:info     | ////////////////////////////////////////////////////////////////////////////////
10:37:40:info     | Summary
10:37:40:info     | +-----------+-------+------------+-------+-----------+
                  | | Registers | Buses | Clock Nets | Inits | No Resets |
                  | +-----------+-------+------------+-------+-----------+
                  | | 8         | 1     | 0          | 0     | 0         |
                  | +-----------+-------+------------+-------+-----------+
                  | 
10:37:40:info     | Nothing to report
10:37:42:info     | ////////////////////////////////////////////////////////////////////////////////
10:37:42:info     | // Grouped Data
10:37:42:info     | ////////////////////////////////////////////////////////////////////////////////
10:37:42:info     | Summary
10:37:42:info     | +-----------+-------+------------+-------+-----------+
                  | | Registers | Buses | Clock Nets | Inits | No Resets |
                  | +-----------+-------+------------+-------+-----------+
                  | | 8         | 1     | 0          | 0     | 0         |
                  | +-----------+-------+------------+-------+-----------+
                  | 
10:37:42:info     | Nothing to report
10:37:42:info     | ////////////////////////////////////////////////////////////////////////////////
10:37:42:info     | // Spotted Data
10:37:42:info     | ////////////////////////////////////////////////////////////////////////////////
10:37:42:info     | Summary
10:37:42:info     | +-----------+-------+------------+-------+-----------+
                  | | Registers | Buses | Clock Nets | Inits | No Resets |
                  | +-----------+-------+------------+-------+-----------+
                  | | 8         | 1     | 0          | 0     | 0         |
                  | +-----------+-------+------------+-------+-----------+
                  | 
10:37:42:info     | Nothing to report
10:37:53:info     | ////////////////////////////////////////////////////////////////////////////////
10:37:53:info     | // Routed Data
10:37:53:info     | ////////////////////////////////////////////////////////////////////////////////
10:37:53:info     | Summary
10:37:53:info     | +-----------+-------+------------+-------+-----------+
                  | | Registers | Buses | Clock Nets | Inits | No Resets |
                  | +-----------+-------+------------+-------+-----------+
                  | | 8         | 1     | 0          | 0     | 0         |
                  | +-----------+-------+------------+-------+-----------+
                  | 
10:37:53:info     | Nothing to report
