////////////////////////////////////////////////////////////////////////////////
// NXpython v23.3.0.2
// Build date and time:  2023-09-29 15:22:00
// Internal revision:    branch HEAD - hash c27499706...
//
// Distribution:         Ubuntu 22.04.3 LTS
// Execution date:       Tue Oct 31 09:23:00 2023
// Command line:         /opt/NanoXplore/nxmap/nxmap-23.3.0.2/bin/nxpython3 ./NX.py
// Process ID:           3332651
////////////////////////////////////////////////////////////////////////////////

09:23:01:info     | ////////////////////////////////////////////////////////////////////////////////
09:23:01:info     | // Synthesized Data
09:23:01:info     | ////////////////////////////////////////////////////////////////////////////////
09:23:01:info     | Summary
09:23:01:info     | +-----------+-------+------------+-------+-----------+
                  | | Registers | Buses | Clock Nets | Inits | No Resets |
                  | +-----------+-------+------------+-------+-----------+
                  | | 8         | 1     | 0          | 8     | 8         |
                  | +-----------+-------+------------+-------+-----------+
                  | 
09:23:01:info     | Nothing to report
09:23:01:info     | ////////////////////////////////////////////////////////////////////////////////
09:23:01:info     | // Mapped Data
09:23:01:info     | ////////////////////////////////////////////////////////////////////////////////
09:23:01:info     | Summary
09:23:01:info     | +-----------+-------+------------+-------+-----------+
                  | | Registers | Buses | Clock Nets | Inits | No Resets |
                  | +-----------+-------+------------+-------+-----------+
                  | | 8         | 1     | 0          | 0     | 0         |
                  | +-----------+-------+------------+-------+-----------+
                  | 
09:23:01:info     | Nothing to report
09:23:01:info     | ////////////////////////////////////////////////////////////////////////////////
09:23:01:info     | // Converted Data
09:23:01:info     | ////////////////////////////////////////////////////////////////////////////////
09:23:01:info     | Summary
09:23:01:info     | +-----------+-------+------------+-------+-----------+
                  | | Registers | Buses | Clock Nets | Inits | No Resets |
                  | +-----------+-------+------------+-------+-----------+
                  | | 8         | 1     | 0          | 0     | 0         |
                  | +-----------+-------+------------+-------+-----------+
                  | 
09:23:01:info     | Nothing to report
09:23:02:info     | ////////////////////////////////////////////////////////////////////////////////
09:23:02:info     | // Prepared Data
09:23:02:info     | ////////////////////////////////////////////////////////////////////////////////
09:23:02:info     | Summary
09:23:02:info     | +-----------+-------+------------+-------+-----------+
                  | | Registers | Buses | Clock Nets | Inits | No Resets |
                  | +-----------+-------+------------+-------+-----------+
                  | | 8         | 1     | 0          | 0     | 0         |
                  | +-----------+-------+------------+-------+-----------+
                  | 
09:23:02:info     | Nothing to report
09:23:02:info     | ////////////////////////////////////////////////////////////////////////////////
09:23:02:info     | // Spreaded Data
09:23:02:info     | ////////////////////////////////////////////////////////////////////////////////
09:23:02:info     | Summary
09:23:02:info     | +-----------+-------+------------+-------+-----------+
                  | | Registers | Buses | Clock Nets | Inits | No Resets |
                  | +-----------+-------+------------+-------+-----------+
                  | | 8         | 1     | 0          | 0     | 0         |
                  | +-----------+-------+------------+-------+-----------+
                  | 
09:23:02:info     | Nothing to report
09:23:02:info     | ////////////////////////////////////////////////////////////////////////////////
09:23:02:info     | // Placed Data
09:23:02:info     | ////////////////////////////////////////////////////////////////////////////////
09:23:02:info     | Summary
09:23:02:info     | +-----------+-------+------------+-------+-----------+
                  | | Registers | Buses | Clock Nets | Inits | No Resets |
                  | +-----------+-------+------------+-------+-----------+
                  | | 8         | 1     | 0          | 0     | 0         |
                  | +-----------+-------+------------+-------+-----------+
                  | 
09:23:02:info     | Nothing to report
09:23:02:info     | ////////////////////////////////////////////////////////////////////////////////
09:23:02:info     | // Polished Data
09:23:02:info     | ////////////////////////////////////////////////////////////////////////////////
09:23:02:info     | Summary
09:23:02:info     | +-----------+-------+------------+-------+-----------+
                  | | Registers | Buses | Clock Nets | Inits | No Resets |
                  | +-----------+-------+------------+-------+-----------+
                  | | 8         | 1     | 0          | 0     | 0         |
                  | +-----------+-------+------------+-------+-----------+
                  | 
09:23:02:info     | Nothing to report
09:23:02:info     | ////////////////////////////////////////////////////////////////////////////////
09:23:02:info     | // Squaded Data
09:23:02:info     | ////////////////////////////////////////////////////////////////////////////////
09:23:02:info     | Summary
09:23:02:info     | +-----------+-------+------------+-------+-----------+
                  | | Registers | Buses | Clock Nets | Inits | No Resets |
                  | +-----------+-------+------------+-------+-----------+
                  | | 8         | 1     | 0          | 0     | 0         |
                  | +-----------+-------+------------+-------+-----------+
                  | 
09:23:02:info     | Nothing to report
09:23:02:info     | ////////////////////////////////////////////////////////////////////////////////
09:23:02:info     | // Grouped Data
09:23:02:info     | ////////////////////////////////////////////////////////////////////////////////
09:23:02:info     | Summary
09:23:02:info     | +-----------+-------+------------+-------+-----------+
                  | | Registers | Buses | Clock Nets | Inits | No Resets |
                  | +-----------+-------+------------+-------+-----------+
                  | | 8         | 1     | 0          | 0     | 0         |
                  | +-----------+-------+------------+-------+-----------+
                  | 
09:23:02:info     | Nothing to report
09:23:02:info     | ////////////////////////////////////////////////////////////////////////////////
09:23:02:info     | // Spotted Data
09:23:02:info     | ////////////////////////////////////////////////////////////////////////////////
09:23:02:info     | Summary
09:23:02:info     | +-----------+-------+------------+-------+-----------+
                  | | Registers | Buses | Clock Nets | Inits | No Resets |
                  | +-----------+-------+------------+-------+-----------+
                  | | 8         | 1     | 0          | 0     | 0         |
                  | +-----------+-------+------------+-------+-----------+
                  | 
09:23:02:info     | Nothing to report
09:23:05:info     | ////////////////////////////////////////////////////////////////////////////////
09:23:05:info     | // Routed Data
09:23:05:info     | ////////////////////////////////////////////////////////////////////////////////
09:23:05:info     | Summary
09:23:05:info     | +-----------+-------+------------+-------+-----------+
                  | | Registers | Buses | Clock Nets | Inits | No Resets |
                  | +-----------+-------+------------+-------+-----------+
                  | | 8         | 1     | 0          | 0     | 0         |
                  | +-----------+-------+------------+-------+-----------+
                  | 
09:23:05:info     | Nothing to report
