////////////////////////////////////////////////////////////////////////////////
// NXpython v23.3.0.2
// Build date and time:  2023-09-29 15:22:00
// Internal revision:    branch HEAD - hash c27499706...
//
// Distribution:         Ubuntu 22.04.3 LTS
// Execution date:       Tue Oct 31 10:37:57 2023
// Command line:         /opt/NanoXplore/nxmap/nxmap-23.3.0.2/bin/nxpython3 ./NX.py
// Process ID:           3370707
////////////////////////////////////////////////////////////////////////////////

10:37:58:info     |   ----------------------------------------------
10:37:58:info     |   - Memory Cells analysis                      -
10:37:58:info     |   ----------------------------------------------
10:37:59:info     | ////////////////////////////////////////////////////////////////////////////////
10:37:59:info     | // Synthesized Data
10:37:59:info     | ////////////////////////////////////////////////////////////////////////////////
10:37:59:info     | Synthesized Memories : 
10:37:59:info     |   
10:37:59:info     |   ----------------------------------------------
10:37:59:info     |   - Memory Instances processing                -
10:37:59:info     |   ----------------------------------------------
10:37:59:info     |     	Nothing to report
10:37:59:info     |     
10:37:59:info     |     NX_RF and NX_RAM usage summary
10:37:59:info     |     	Nothing to report
10:37:59:info     | ////////////////////////////////////////////////////////////////////////////////
10:37:59:info     | // Mapped Data
10:37:59:info     | ////////////////////////////////////////////////////////////////////////////////
10:37:59:info     | Mapped Memories : 
