////////////////////////////////////////////////////////////////////////////////
// NXpython v23.3.0.2
// Build date and time:  2023-09-29 15:22:00
// Internal revision:    branch HEAD - hash c27499706...
//
// Distribution:         Ubuntu 22.04.3 LTS
// Execution date:       Tue Oct 31 09:26:20 2023
// Command line:         /opt/NanoXplore/nxmap/nxmap-23.3.0.2/bin/nxpython3 ./NX.py
// Process ID:           3334006
////////////////////////////////////////////////////////////////////////////////

09:26:22:info     | ////////////////////////////////////////////////////////////////////////////////
09:26:22:info     | // Synthesized Data
09:26:22:info     | ////////////////////////////////////////////////////////////////////////////////
09:26:22:info     | Summary
09:26:22:info     | +-----------+-------+------------+-------+-----------+
                  | | Registers | Buses | Clock Nets | Inits | No Resets |
                  | +-----------+-------+------------+-------+-----------+
                  | | 8         | 1     | 0          | 0     | 0         |
                  | +-----------+-------+------------+-------+-----------+
                  | 
09:26:22:info     | Nothing to report
09:26:22:info     | ////////////////////////////////////////////////////////////////////////////////
09:26:22:info     | // Mapped Data
09:26:22:info     | ////////////////////////////////////////////////////////////////////////////////
09:26:22:info     | Summary
09:26:22:info     | +-----------+-------+------------+-------+-----------+
                  | | Registers | Buses | Clock Nets | Inits | No Resets |
                  | +-----------+-------+------------+-------+-----------+
                  | | 8         | 1     | 0          | 8     | 8         |
                  | +-----------+-------+------------+-------+-----------+
                  | 
09:26:22:info     | Nothing to report
09:26:22:info     | ////////////////////////////////////////////////////////////////////////////////
09:26:22:info     | // Converted Data
09:26:22:info     | ////////////////////////////////////////////////////////////////////////////////
09:26:22:info     | Summary
09:26:22:info     | +-----------+-------+------------+-------+-----------+
                  | | Registers | Buses | Clock Nets | Inits | No Resets |
                  | +-----------+-------+------------+-------+-----------+
                  | | 8         | 1     | 0          | 8     | 8         |
                  | +-----------+-------+------------+-------+-----------+
                  | 
09:26:22:info     | Nothing to report
09:26:24:info     | ////////////////////////////////////////////////////////////////////////////////
09:26:24:info     | // Prepared Data
09:26:24:info     | ////////////////////////////////////////////////////////////////////////////////
09:26:24:info     | Summary
09:26:24:info     | +-----------+-------+------------+-------+-----------+
                  | | Registers | Buses | Clock Nets | Inits | No Resets |
                  | +-----------+-------+------------+-------+-----------+
                  | | 8         | 1     | 0          | 8     | 8         |
                  | +-----------+-------+------------+-------+-----------+
                  | 
09:26:24:info     | Nothing to report
09:26:24:info     | ////////////////////////////////////////////////////////////////////////////////
09:26:24:info     | // Spreaded Data
09:26:24:info     | ////////////////////////////////////////////////////////////////////////////////
09:26:24:info     | Summary
09:26:24:info     | +-----------+-------+------------+-------+-----------+
                  | | Registers | Buses | Clock Nets | Inits | No Resets |
                  | +-----------+-------+------------+-------+-----------+
                  | | 8         | 1     | 0          | 8     | 8         |
                  | +-----------+-------+------------+-------+-----------+
                  | 
09:26:24:info     | Nothing to report
09:26:24:info     | ////////////////////////////////////////////////////////////////////////////////
09:26:24:info     | // Placed Data
09:26:24:info     | ////////////////////////////////////////////////////////////////////////////////
09:26:24:info     | Summary
09:26:24:info     | +-----------+-------+------------+-------+-----------+
                  | | Registers | Buses | Clock Nets | Inits | No Resets |
                  | +-----------+-------+------------+-------+-----------+
                  | | 8         | 1     | 0          | 8     | 8         |
                  | +-----------+-------+------------+-------+-----------+
                  | 
09:26:24:info     | Nothing to report
09:26:24:info     | ////////////////////////////////////////////////////////////////////////////////
09:26:24:info     | // Polished Data
09:26:24:info     | ////////////////////////////////////////////////////////////////////////////////
09:26:24:info     | Summary
09:26:24:info     | +-----------+-------+------------+-------+-----------+
                  | | Registers | Buses | Clock Nets | Inits | No Resets |
                  | +-----------+-------+------------+-------+-----------+
                  | | 8         | 1     | 0          | 8     | 8         |
                  | +-----------+-------+------------+-------+-----------+
                  | 
09:26:24:info     | Nothing to report
09:26:24:info     | ////////////////////////////////////////////////////////////////////////////////
09:26:24:info     | // Squaded Data
09:26:24:info     | ////////////////////////////////////////////////////////////////////////////////
09:26:24:info     | Summary
09:26:24:info     | +-----------+-------+------------+-------+-----------+
                  | | Registers | Buses | Clock Nets | Inits | No Resets |
                  | +-----------+-------+------------+-------+-----------+
                  | | 8         | 1     | 0          | 8     | 8         |
                  | +-----------+-------+------------+-------+-----------+
                  | 
09:26:24:info     | Nothing to report
09:26:26:info     | ////////////////////////////////////////////////////////////////////////////////
09:26:26:info     | // Grouped Data
09:26:26:info     | ////////////////////////////////////////////////////////////////////////////////
09:26:26:info     | Summary
09:26:26:info     | +-----------+-------+------------+-------+-----------+
                  | | Registers | Buses | Clock Nets | Inits | No Resets |
                  | +-----------+-------+------------+-------+-----------+
                  | | 8         | 1     | 0          | 8     | 8         |
                  | +-----------+-------+------------+-------+-----------+
                  | 
09:26:26:info     | Nothing to report
09:26:26:info     | ////////////////////////////////////////////////////////////////////////////////
09:26:26:info     | // Spotted Data
09:26:26:info     | ////////////////////////////////////////////////////////////////////////////////
09:26:26:info     | Summary
09:26:26:info     | +-----------+-------+------------+-------+-----------+
                  | | Registers | Buses | Clock Nets | Inits | No Resets |
                  | +-----------+-------+------------+-------+-----------+
                  | | 8         | 1     | 0          | 8     | 8         |
                  | +-----------+-------+------------+-------+-----------+
                  | 
09:26:26:info     | Nothing to report
09:26:39:info     |       +----------+------+------------+------+-----------+-------------+-----------+----------+--------------+
                  |       |   Name   | Size | Max Fanout | Type | Clock Net | Sensitivity | Reset Net | Load Net |    Source    |
                  |       +----------+------+------------+------+-----------+-------------+-----------+----------+--------------+
                  |       | data_reg |    8 |          2 | DFF  | i_clk     | Rising      | None      | None     | test2.vhd:70 |
                  |       +----------+------+------------+------+-----------+-------------+-----------+----------+--------------+
                  |       
09:26:39:info     |       Bus Total: 1
09:26:39:info     |     ////////////////////////////////////////////////////////////////////////////////
09:26:39:info     |     // Routed Data
09:26:39:info     |     ////////////////////////////////////////////////////////////////////////////////
09:26:39:info     |       data_reg: 8/[0-7]
09:26:39:info     |       -----------------
09:26:39:info     |         Type:          DFF
09:26:39:info     |         Clock Net:     i_clk
09:26:39:info     |         Sensitivity:   Rising
09:26:39:info     |         Source:        ../test2.vhd:70
09:26:39:info     |         +-------------+------------+
                  |         | Name        | FanOut     |
                  |         +-------------+------------+
                  |         | data_reg[1] | 2          |
                  |         | data_reg[3] | 2          |
                  |         | data_reg[7] | 2          |
                  |         | data_reg[2] | 2          |
                  |         | data_reg[0] | 2          |
                  |         | data_reg[6] | 2          |
                  |         | data_reg[4] | 2          |
                  |         | data_reg[5] | 2          |
                  |         +-------------+------------+
                  |         
09:26:39:info     |         
09:26:39:info     |       Bus Total: 1
09:26:39:info     |       Register Total: 8

09:26:39:info     | ////////////////////////////////////////////////////////////////////////////////
09:26:39:info     | // Routed Data
09:26:39:info     | ////////////////////////////////////////////////////////////////////////////////
09:26:39:info     | Summary
09:26:39:info     | +-----------+-------+------------+-------+-----------+
                  | | Registers | Buses | Clock Nets | Inits | No Resets |
                  | +-----------+-------+------------+-------+-----------+
                  | | 8         | 1     | 1          | 8     | 8         |
                  | +-----------+-------+------------+-------+-----------+
                  | 
09:26:39:info     | +-------------------+------+------------+-----------+----------+-----------+------------+-----------------+-------------+
                  | | Name              | Type | Bus (size) | Clock Net | Load Net | Reset Net | Reset Mode | Source          | Sensitivity |
                  | +-------------------+------+------------+-----------+----------+-----------+------------+-----------------+-------------+
                  | | data_reg: 8/[0-7] | DFF  | X(8)       | i_clk     |          |           |            | ../test2.vhd:70 | Rising      |
                  | +-------------------+------+------------+-----------+----------+-----------+------------+-----------------+-------------+
                  | 
09:26:39:info     | data_reg: 8/[0-7]
09:26:39:info     |   Type:          DFF
09:26:39:info     |   Clock Net:     i_clk
09:26:39:info     |   Sensitivity:   Rising
09:26:39:info     |   Source:        ../test2.vhd:70
09:26:39:info     |   +-------------+--------+
                  |   | Name        | FanOut |
                  |   +-------------+--------+
                  |   | data_reg[1] | 2      |
                  |   | data_reg[3] | 2      |
                  |   | data_reg[7] | 2      |
                  |   | data_reg[2] | 2      |
                  |   | data_reg[0] | 2      |
                  |   | data_reg[6] | 2      |
                  |   | data_reg[4] | 2      |
                  |   | data_reg[5] | 2      |
                  |   +-------------+--------+
                  |   
09:26:39:info     |   
