////////////////////////////////////////////////////////////////////////////////
// NXpython v23.3.0.2
// Build date and time:  2023-09-29 15:22:00
// Internal revision:    branch HEAD - hash c27499706...
//
// Distribution:         Ubuntu 22.04.3 LTS
// Execution date:       Mon Oct 30 16:52:33 2023
// Command line:         /opt/NanoXplore/nxmap/nxmap-23.3.0.2/bin/nxpython3 ./NX.py
// Process ID:           3239014
////////////////////////////////////////////////////////////////////////////////

16:52:34:info     |   
16:52:34:info     |   Reporting instances at state 'Synthesized':
16:52:34:info     |     +---------------+---------------+-------------+--------------+------------+------------+--------+-------------+------------+------------+-----------+----------+
                  |     |               |               |             |   1 - bit    |  Register  |   Cross    | Clock  |    Clock    |  Digital   |   Memory   |           |          |
                  |     |     4-LUT     |      DFF      |    XLUT     |    Carry     |    file    |   domain   | Buffer |   switch    |   signal   |   block    |    WFG    |   PLL    |
                  |     |               |               |             |              |   block    |   clock    |        |             | processor  |            |           |          |
                  |     +---------------+---------------+-------------+--------------+------------+------------+--------+-------------+------------+------------+-----------+----------+
                  |     | 0/129024 (0%) | 0/129024 (0%) | 0/8064 (0%) | 0/32256 (0%) | 0/672 (0%) | 0/672 (0%) |   0    | 0/1344 (0%) | 0/384 (0%) | 0/192 (0%) | 0/40 (0%) | 0/4 (0%) |
                  |     +---------------+---------------+-------------+--------------+------------+------------+--------+-------------+------------+------------+-----------+----------+
                  |     
16:52:34:info     |   Actual FE occupancy is 0/129024 (0%)
16:52:34:info     |     Nothing to report
16:52:34:info     |     
16:52:34:info     |     Several instances have registers, depending on configuration. Please check the CookBook or the NX Library Guide for more information.
16:52:34:info     |     The following table lists the number of registers for each instance type.
16:52:34:info     |     +----------++-----------------------+
                  |     |  Total   ||        Used By        |
                  |     | Register ||    |     |     |      |
                  |     |  Count   || FE | DSP | RAM | Pads |
                  |     +----------++----+-----+-----+------+
                  |     |    0     || 0  |  0  |  0  |  0   |
                  |     +----------++----+-----+-----+------+
                  |     
16:52:34:info     |   
16:52:34:info     |   Reporting instances at state 'Prepared':
16:52:34:info     |     +---------------+---------------+-------------+--------------+------------+------------+--------+-------------+------------+------------+-----------+----------+
                  |     |               |               |             |   1 - bit    |  Register  |   Cross    | Clock  |    Clock    |  Digital   |   Memory   |           |          |
                  |     |     4-LUT     |      DFF      |    XLUT     |    Carry     |    file    |   domain   | Buffer |   switch    |   signal   |   block    |    WFG    |   PLL    |
                  |     |               |               |             |              |   block    |   clock    |        |             | processor  |            |           |          |
                  |     +---------------+---------------+-------------+--------------+------------+------------+--------+-------------+------------+------------+-----------+----------+
                  |     | 0/129024 (0%) | 0/129024 (0%) | 0/8064 (0%) | 0/32256 (0%) | 0/672 (0%) | 0/672 (0%) |   0    | 0/1344 (0%) | 0/384 (0%) | 0/192 (0%) | 0/40 (0%) | 0/4 (0%) |
                  |     +---------------+---------------+-------------+--------------+------------+------------+--------+-------------+------------+------------+-----------+----------+
                  |     
16:52:34:info     |   Actual FE occupancy is 0/129024 (0%)
16:52:34:info     |     Nothing to report
16:52:34:info     |     
16:52:34:info     |     Several instances have registers, depending on configuration. Please check the CookBook or the NX Library Guide for more information.
16:52:34:info     |     The following table lists the number of registers for each instance type.
16:52:34:info     |     +----------++-----------------------+
                  |     |  Total   ||        Used By        |
                  |     | Register ||    |     |     |      |
                  |     |  Count   || FE | DSP | RAM | Pads |
                  |     +----------++----+-----+-----+------+
                  |     |    0     || 0  |  0  |  0  |  0   |
                  |     +----------++----+-----+-----+------+
                  |     
16:52:38:info     |   
16:52:38:info     |   Reporting instances at state 'Routed':
16:52:38:info     |     +---------------+---------------+-------------+--------------+------------+------------+--------+-------------+------------+------------+-----------+----------+
                  |     |               |               |             |   1 - bit    |  Register  |   Cross    | Clock  |    Clock    |  Digital   |   Memory   |           |          |
                  |     |     4-LUT     |      DFF      |    XLUT     |    Carry     |    file    |   domain   | Buffer |   switch    |   signal   |   block    |    WFG    |   PLL    |
                  |     |               |               |             |              |   block    |   clock    |        |             | processor  |            |           |          |
                  |     +---------------+---------------+-------------+--------------+------------+------------+--------+-------------+------------+------------+-----------+----------+
                  |     | 0/129024 (0%) | 0/129024 (0%) | 0/8064 (0%) | 0/32256 (0%) | 0/672 (0%) | 0/672 (0%) |   0    | 0/1344 (0%) | 0/384 (0%) | 0/192 (0%) | 0/40 (0%) | 0/4 (0%) |
                  |     +---------------+---------------+-------------+--------------+------------+------------+--------+-------------+------------+------------+-----------+----------+
                  |     
16:52:38:info     |   Actual FE occupancy is 0/129024 (0%)
16:52:38:info     |     Nothing to report
16:52:38:info     |     
16:52:38:info     |     Several instances have registers, depending on configuration. Please check the CookBook or the NX Library Guide for more information.
16:52:38:info     |     The following table lists the number of registers for each instance type.
16:52:38:info     |     +----------++-----------------------+
                  |     |  Total   ||        Used By        |
                  |     | Register ||    |     |     |      |
                  |     |  Count   || FE | DSP | RAM | Pads |
                  |     +----------++----+-----+-----+------+
                  |     |    0     || 0  |  0  |  0  |  0   |
                  |     +----------++----+-----+-----+------+
                  |     
