////////////////////////////////////////////////////////////////////////////////
// NXpython v23.3.0.2
// Build date and time:  2023-09-29 15:22:00
// Internal revision:    branch HEAD - hash c27499706...
//
// Distribution:         Ubuntu 22.04.3 LTS
// Execution date:       Mon Oct 30 16:52:33 2023
// Command line:         /opt/NanoXplore/nxmap/nxmap-23.3.0.2/bin/nxpython3 ./NX.py
// Process ID:           3239014
////////////////////////////////////////////////////////////////////////////////

16:52:34:info     |     
16:52:34:info     |     Reporting ports at state 'Prepared':
16:52:34:info     |     Ports used in current design.
16:52:34:info     |     +-------------------------+
                  |     |           IOs           |
                  |     | Input | Output | In/Out |
                  |     +-------+--------+--------+
                  |     | 1     | 1      | 0      |
                  |     +-------+--------+--------+
                  |     
16:52:34:info     |     +------+------+----------------+----------+---------+-------+----------------------+----------+---------------+--------------+-------+---------------+
                  |     | Name | I/O  |    Location    | Standard | Voltage | Drive |     Termination      | SlewRate |   DelayLine   | Differential | Turbo |  Registered   |
                  |     |      |      |                |          |         |       | R / Weak / Reference |          |   In / Out    |              |       | Asked:Applied |
                  |     +------+------+----------------+----------+---------+-------+----------------------+----------+---------------+--------------+-------+---------------+
                  |     | rts  | In   | IOB6_D15P (!)  | LVCMOS   |    2.5V |   2mA |  None / PullUp / -   |  Medium  | False / False |    False     | False |      -:-      |
                  |     | cts  | Out  | IOB15_D09P (!) | LVCMOS   |    2.5V |   2mA |  None / PullUp / -   |  Medium  | False / False |    False     | False |      -:-      |
                  |     +------+------+----------------+----------+---------+-------+----------------------+----------+---------------+--------------+-------+---------------+
                  |     
16:52:34:info     |     Note: the table above only displays the ports that are used in the current design.
16:52:34:info     |     Note: the exclamation mark (!) indicates that the current pad configuration has been generated during the process and has not been defined by the user.
16:52:34:info     |     Pads that are not used are dropped during Place step, warnings messages may have been issued earlier in the log.
