////////////////////////////////////////////////////////////////////////////////
// NXpython v23.3.0.2
// Build date and time:  2023-09-29 15:22:00
// Internal revision:    branch HEAD - hash c27499706...
//
// Distribution:         Ubuntu 22.04.3 LTS
// Execution date:       Mon Oct 30 16:52:33 2023
// Command line:         /opt/NanoXplore/nxmap/nxmap-23.3.0.2/bin/nxpython3 ./NX.py
// Process ID:           3239014
////////////////////////////////////////////////////////////////////////////////

16:52:34:info     | ////////////////////////////////////////////////////////////////////////////////
16:52:34:info     | // Synthesized Data
16:52:34:info     | ////////////////////////////////////////////////////////////////////////////////
16:52:34:info     | Summary
16:52:34:info     | +-----------+-------+------------+-------+-----------+
                  | | Registers | Buses | Clock Nets | Inits | No Resets |
                  | +-----------+-------+------------+-------+-----------+
                  | | 8         | 1     | 0          | 8     | 8         |
                  | +-----------+-------+------------+-------+-----------+
                  | 
16:52:34:info     | Nothing to report
16:52:34:info     | ////////////////////////////////////////////////////////////////////////////////
16:52:34:info     | // Mapped Data
16:52:34:info     | ////////////////////////////////////////////////////////////////////////////////
16:52:34:info     | Summary
16:52:34:info     | +-----------+-------+------------+-------+-----------+
                  | | Registers | Buses | Clock Nets | Inits | No Resets |
                  | +-----------+-------+------------+-------+-----------+
                  | | 8         | 1     | 0          | 0     | 0         |
                  | +-----------+-------+------------+-------+-----------+
                  | 
16:52:34:info     | Nothing to report
16:52:34:info     | ////////////////////////////////////////////////////////////////////////////////
16:52:34:info     | // Converted Data
16:52:34:info     | ////////////////////////////////////////////////////////////////////////////////
16:52:34:info     | Summary
16:52:34:info     | +-----------+-------+------------+-------+-----------+
                  | | Registers | Buses | Clock Nets | Inits | No Resets |
                  | +-----------+-------+------------+-------+-----------+
                  | | 8         | 1     | 0          | 0     | 0         |
                  | +-----------+-------+------------+-------+-----------+
                  | 
16:52:34:info     | Nothing to report
16:52:34:info     | ////////////////////////////////////////////////////////////////////////////////
16:52:34:info     | // Prepared Data
16:52:34:info     | ////////////////////////////////////////////////////////////////////////////////
16:52:34:info     | Summary
16:52:34:info     | +-----------+-------+------------+-------+-----------+
                  | | Registers | Buses | Clock Nets | Inits | No Resets |
                  | +-----------+-------+------------+-------+-----------+
                  | | 8         | 1     | 0          | 0     | 0         |
                  | +-----------+-------+------------+-------+-----------+
                  | 
16:52:34:info     | Nothing to report
16:52:34:info     | ////////////////////////////////////////////////////////////////////////////////
16:52:34:info     | // Spreaded Data
16:52:34:info     | ////////////////////////////////////////////////////////////////////////////////
16:52:34:info     | Summary
16:52:34:info     | +-----------+-------+------------+-------+-----------+
                  | | Registers | Buses | Clock Nets | Inits | No Resets |
                  | +-----------+-------+------------+-------+-----------+
                  | | 8         | 1     | 0          | 0     | 0         |
                  | +-----------+-------+------------+-------+-----------+
                  | 
16:52:34:info     | Nothing to report
16:52:34:info     | ////////////////////////////////////////////////////////////////////////////////
16:52:34:info     | // Placed Data
16:52:34:info     | ////////////////////////////////////////////////////////////////////////////////
16:52:34:info     | Summary
16:52:34:info     | +-----------+-------+------------+-------+-----------+
                  | | Registers | Buses | Clock Nets | Inits | No Resets |
                  | +-----------+-------+------------+-------+-----------+
                  | | 8         | 1     | 0          | 0     | 0         |
                  | +-----------+-------+------------+-------+-----------+
                  | 
16:52:34:info     | Nothing to report
16:52:34:info     | ////////////////////////////////////////////////////////////////////////////////
16:52:34:info     | // Polished Data
16:52:34:info     | ////////////////////////////////////////////////////////////////////////////////
16:52:34:info     | Summary
16:52:34:info     | +-----------+-------+------------+-------+-----------+
                  | | Registers | Buses | Clock Nets | Inits | No Resets |
                  | +-----------+-------+------------+-------+-----------+
                  | | 8         | 1     | 0          | 0     | 0         |
                  | +-----------+-------+------------+-------+-----------+
                  | 
16:52:34:info     | Nothing to report
16:52:34:info     | ////////////////////////////////////////////////////////////////////////////////
16:52:34:info     | // Squaded Data
16:52:34:info     | ////////////////////////////////////////////////////////////////////////////////
16:52:34:info     | Summary
16:52:34:info     | +-----------+-------+------------+-------+-----------+
                  | | Registers | Buses | Clock Nets | Inits | No Resets |
                  | +-----------+-------+------------+-------+-----------+
                  | | 8         | 1     | 0          | 0     | 0         |
                  | +-----------+-------+------------+-------+-----------+
                  | 
16:52:34:info     | Nothing to report
16:52:35:info     | ////////////////////////////////////////////////////////////////////////////////
16:52:35:info     | // Grouped Data
16:52:35:info     | ////////////////////////////////////////////////////////////////////////////////
16:52:35:info     | Summary
16:52:35:info     | +-----------+-------+------------+-------+-----------+
                  | | Registers | Buses | Clock Nets | Inits | No Resets |
                  | +-----------+-------+------------+-------+-----------+
                  | | 8         | 1     | 0          | 0     | 0         |
                  | +-----------+-------+------------+-------+-----------+
                  | 
16:52:35:info     | Nothing to report
16:52:35:info     | ////////////////////////////////////////////////////////////////////////////////
16:52:35:info     | // Spotted Data
16:52:35:info     | ////////////////////////////////////////////////////////////////////////////////
16:52:35:info     | Summary
16:52:35:info     | +-----------+-------+------------+-------+-----------+
                  | | Registers | Buses | Clock Nets | Inits | No Resets |
                  | +-----------+-------+------------+-------+-----------+
                  | | 8         | 1     | 0          | 0     | 0         |
                  | +-----------+-------+------------+-------+-----------+
                  | 
16:52:35:info     | Nothing to report
16:52:38:info     | ////////////////////////////////////////////////////////////////////////////////
16:52:38:info     | // Routed Data
16:52:38:info     | ////////////////////////////////////////////////////////////////////////////////
16:52:38:info     | Summary
16:52:38:info     | +-----------+-------+------------+-------+-----------+
                  | | Registers | Buses | Clock Nets | Inits | No Resets |
                  | +-----------+-------+------------+-------+-----------+
                  | | 8         | 1     | 0          | 0     | 0         |
                  | +-----------+-------+------------+-------+-----------+
                  | 
16:52:38:info     | Nothing to report
