////////////////////////////////////////////////////////////////////////////////
// NXpython v23.3.0.2
// Build date and time:  2023-09-29 15:22:00
// Internal revision:    branch HEAD - hash c27499706...
//
// Distribution:         Ubuntu 22.04.3 LTS
// Execution date:       Tue Oct 31 10:37:13 2023
// Command line:         /opt/NanoXplore/nxmap/nxmap-23.3.0.2/bin/nxpython3 ./NX.py
// Process ID:           3370707
////////////////////////////////////////////////////////////////////////////////

10:37:14:info     |   
10:37:14:info     |   Reporting instances at state 'Synthesized':
10:37:14:info     |     +---------------+---------------+--------------+---------------+-------------+-------------+--------+-------------+-------------+------------+-----------+----------+------------+
                  |     |               |               |              |    1 - bit    |  Register   |    Cross    | Clock  |    Clock    |   Digital   |   Memory   |           |          |            |
                  |     |     4-LUT     |      DFF      |     XLUT     |     Carry     |    file     |   domain    | Buffer |   switch    |   signal    |   block    |    WFG    |   PLL    |    GCK     |
                  |     |               |               |              |               |    block    |    clock    |        |             |  processor  |            |           |          |            |
                  |     +---------------+---------------+--------------+---------------+-------------+-------------+--------+-------------+-------------+------------+-----------+----------+------------+
                  |     | 1/505344 (1%) | 8/505344 (1%) | 0/31584 (0%) | 8/126336 (1%) | 0/2632 (0%) | 0/2632 (0%) |   0    | 0/5264 (0%) | 0/1344 (0%) | 0/672 (0%) | 0/70 (0%) | 0/7 (0%) | 0/160 (0%) |
                  |     +---------------+---------------+--------------+---------------+-------------+-------------+--------+-------------+-------------+------------+-----------+----------+------------+
                  |     
10:37:14:info     |   Actual FE occupancy is 17/505344 (1%)
10:37:14:info     |     
10:37:14:info     |     Some instances (Register File, Carry, Cross Domain Clock and Clock Switch) use Functional Elements (FEs) to accomodate signal input(s) and output(s).
10:37:14:info     |     These FEs are automatically created when processing the design. Please check the CookBook for more information.
10:37:14:info     |     The following table details the use of FEs.
10:37:14:info     |     +----------------++--------------------------------------+
                  |     |     Total      ||               Used By                |
                  |     |       FE       ||       |  DFF   |    |    |     |     |
                  |     |     Count      || 4-LUT | Buffer | CY | RF | CDC | CKS |
                  |     +----------------++-------+--------+----+----+-----+-----+
                  |     | 17/505344 (1%) ||   1   |   8    | 8  | 0  |  0  |  0  |
                  |     +----------------++-------+--------+----+----+-----+-----+
                  |     
10:37:14:info     |     
10:37:14:info     |     Several instances have registers, depending on configuration. Please check the CookBook or the NX Library Guide for more information.
10:37:14:info     |     The following table lists the number of registers for each instance type.
10:37:14:info     |     +----------++-----------------------+
                  |     |  Total   ||        Used By        |
                  |     | Register ||    |     |     |      |
                  |     |  Count   || FE | DSP | RAM | Pads |
                  |     +----------++----+-----+-----+------+
                  |     |    8     || 8  |  0  |  0  |  0   |
                  |     +----------++----+-----+-----+------+
                  |     
10:37:17:info     |   
10:37:17:info     |   Reporting instances at state 'Prepared':
10:37:17:info     |     +---------------+---------------+--------------+---------------+-------------+-------------+--------+-------------+-------------+------------+-----------+----------+------------+
                  |     |               |               |              |    1 - bit    |  Register   |    Cross    | Clock  |    Clock    |   Digital   |   Memory   |           |          |            |
                  |     |     4-LUT     |      DFF      |     XLUT     |     Carry     |    file     |   domain    | Buffer |   switch    |   signal    |   block    |    WFG    |   PLL    |    GCK     |
                  |     |               |               |              |               |    block    |    clock    |        |             |  processor  |            |           |          |            |
                  |     +---------------+---------------+--------------+---------------+-------------+-------------+--------+-------------+-------------+------------+-----------+----------+------------+
                  |     | 1/505344 (1%) | 8/505344 (1%) | 0/31584 (0%) | 8/126336 (1%) | 0/2632 (0%) | 0/2632 (0%) |   0    | 0/5264 (0%) | 0/1344 (0%) | 0/672 (0%) | 1/70 (2%) | 0/7 (0%) | 1/160 (1%) |
                  |     +---------------+---------------+--------------+---------------+-------------+-------------+--------+-------------+-------------+------------+-----------+----------+------------+
                  |     
10:37:17:info     |   Actual FE occupancy is 17/505344 (1%)
10:37:17:info     |     
10:37:17:info     |     Some instances (Register File, Carry, Cross Domain Clock and Clock Switch) use Functional Elements (FEs) to accomodate signal input(s) and output(s).
10:37:17:info     |     These FEs are automatically created when processing the design. Please check the CookBook for more information.
10:37:17:info     |     The following table details the use of FEs.
10:37:17:info     |     +----------------++--------------------------------------+
                  |     |     Total      ||               Used By                |
                  |     |       FE       ||       |  DFF   |    |    |     |     |
                  |     |     Count      || 4-LUT | Buffer | CY | RF | CDC | CKS |
                  |     +----------------++-------+--------+----+----+-----+-----+
                  |     | 17/505344 (1%) ||   1   |   8    | 8  | 0  |  0  |  0  |
                  |     +----------------++-------+--------+----+----+-----+-----+
                  |     
10:37:17:info     |     
10:37:17:info     |     Several instances have registers, depending on configuration. Please check the CookBook or the NX Library Guide for more information.
10:37:17:info     |     The following table lists the number of registers for each instance type.
10:37:17:info     |     +----------++-----------------------+
                  |     |  Total   ||        Used By        |
                  |     | Register ||    |     |     |      |
                  |     |  Count   || FE | DSP | RAM | Pads |
                  |     +----------++----+-----+-----+------+
                  |     |    8     || 8  |  0  |  0  |  0   |
                  |     +----------++----+-----+-----+------+
                  |     
10:37:32:info     |   
10:37:32:info     |   Reporting instances at state 'Routed':
10:37:32:info     |     +---------------+---------------+--------------+---------------+-------------+-------------+--------+-------------+-------------+------------+-----------+----------+------------+
                  |     |               |               |              |    1 - bit    |  Register   |    Cross    | Clock  |    Clock    |   Digital   |   Memory   |           |          |            |
                  |     |     4-LUT     |      DFF      |     XLUT     |     Carry     |    file     |   domain    | Buffer |   switch    |   signal    |   block    |    WFG    |   PLL    |    GCK     |
                  |     |               |               |              |               |    block    |    clock    |        |             |  processor  |            |           |          |            |
                  |     +---------------+---------------+--------------+---------------+-------------+-------------+--------+-------------+-------------+------------+-----------+----------+------------+
                  |     | 1/505344 (1%) | 8/505344 (1%) | 0/31584 (0%) | 8/126336 (1%) | 0/2632 (0%) | 0/2632 (0%) |   0    | 0/5264 (0%) | 0/1344 (0%) | 0/672 (0%) | 1/70 (2%) | 0/7 (0%) | 1/160 (1%) |
                  |     +---------------+---------------+--------------+---------------+-------------+-------------+--------+-------------+-------------+------------+-----------+----------+------------+
                  |     
10:37:32:info     |   Actual FE occupancy is 17/505344 (1%)
10:37:32:info     |     
10:37:32:info     |     Some instances (Register File, Carry, Cross Domain Clock and Clock Switch) use Functional Elements (FEs) to accomodate signal input(s) and output(s).
10:37:32:info     |     These FEs are automatically created when processing the design. Please check the CookBook for more information.
10:37:32:info     |     The following table details the use of FEs.
10:37:32:info     |     +----------------++--------------------------------------+
                  |     |     Total      ||               Used By                |
                  |     |       FE       ||       |  DFF   |    |    |     |     |
                  |     |     Count      || 4-LUT | Buffer | CY | RF | CDC | CKS |
                  |     +----------------++-------+--------+----+----+-----+-----+
                  |     | 17/505344 (1%) ||   1   |   8    | 8  | 0  |  0  |  0  |
                  |     +----------------++-------+--------+----+----+-----+-----+
                  |     
10:37:32:info     |     
10:37:32:info     |     Several instances have registers, depending on configuration. Please check the CookBook or the NX Library Guide for more information.
10:37:32:info     |     The following table lists the number of registers for each instance type.
10:37:32:info     |     +----------++-----------------------+
                  |     |  Total   ||        Used By        |
                  |     | Register ||    |     |     |      |
                  |     |  Count   || FE | DSP | RAM | Pads |
                  |     +----------++----+-----+-----+------+
                  |     |    8     || 8  |  0  |  0  |  0   |
                  |     +----------++----+-----+-----+------+
                  |     
