////////////////////////////////////////////////////////////////////////////////
// NXpython v23.3.0.2
// Build date and time:  2023-09-29 15:22:00
// Internal revision:    branch HEAD - hash c27499706...
//
// Distribution:         Ubuntu 22.04.3 LTS
// Execution date:       Tue Oct 31 09:25:42 2023
// Command line:         /opt/NanoXplore/nxmap/nxmap-23.3.0.2/bin/nxpython3 ./NX.py
// Process ID:           3334006
////////////////////////////////////////////////////////////////////////////////

09:25:45:info     |   Lowskew network statistics at state: Prepared
09:25:45:info     |     Lowskew signals: 1
09:25:45:info     |     Total lowskew branches: 1
09:25:45:info     |     
09:25:45:info     |     Lowskew signals list:
09:25:45:info     |       i_clk:	 8 receivers.
09:25:45:info     |     
09:25:45:info     |     Lobe occupancy:
09:25:45:info     |       LOBE[Rx2]:	 1/20
09:25:45:info     |     
09:25:45:info     |     Lobe contents:
09:25:45:info     |       Lobe: LOBE[Rx2]:
09:25:45:info     |         Net i_clk from instance i_clk
09:25:45:info     |   
09:25:45:info     |   
09:25:45:info     |   Lowskew network statistics at state: Spreaded
09:25:45:info     |     Lowskew signals: 1
09:25:45:info     |     Total lowskew branches: 1
09:25:45:info     |     
09:25:45:info     |     Lowskew signals list:
09:25:45:info     |       i_clk:	 8 receivers.
09:25:45:info     |     
09:25:45:info     |     Lobe occupancy:
09:25:45:info     |       LOBE[Rx2]:	 1/20
09:25:45:info     |     
09:25:45:info     |     Lobe contents:
09:25:45:info     |       Lobe: LOBE[Rx2]:
09:25:45:info     |         Net i_clk from instance i_clk
09:25:45:info     |   
09:25:45:info     |   
09:25:45:info     |   Lowskew network statistics at state: Placed
09:25:45:info     |     Lowskew signals: 1
09:25:45:info     |     Total lowskew branches: 1
09:25:45:info     |     
09:25:45:info     |     Lowskew signals list:
09:25:45:info     |       i_clk:	 1 receivers.
09:25:45:info     |     
09:25:45:info     |     Lobe occupancy:
09:25:45:info     |       LOBE[Rx2]:	 1/20
09:25:45:info     |     
09:25:45:info     |     Lobe contents:
09:25:45:info     |       Lobe: LOBE[Rx2]:
09:25:45:info     |         Net i_clk from instance i_clk
09:25:45:info     |   
09:25:45:info     |   
09:25:59:info     |   Lowskew network statistics at state: Routed
09:25:59:info     |     Lowskew signals: 1
09:25:59:info     |     Total lowskew branches: 1
09:25:59:info     |     
09:25:59:info     |     Lowskew signals list:
09:25:59:info     |       i_clk:	 1 receivers.
09:25:59:info     |     
09:25:59:info     |     Lobe occupancy:
09:25:59:info     |       LOBE[Rx2]:	 1/20
09:25:59:info     |     
09:25:59:info     |     Lobe contents:
09:25:59:info     |       Lobe: LOBE[Rx2]:
09:25:59:info     |         Net i_clk from instance i_clk
09:25:59:info     |   
09:25:59:info     |   
