////////////////////////////////////////////////////////////////////////////////
// NXpython v23.3.0.2
// Build date and time:  2023-09-29 15:22:00
// Internal revision:    branch HEAD - hash c27499706...
//
// Distribution:         Ubuntu 22.04.3 LTS
// Execution date:       Tue Oct 31 10:37:13 2023
// Command line:         /opt/NanoXplore/nxmap/nxmap-23.3.0.2/bin/nxpython3 ./NX.py
// Process ID:           3370707
////////////////////////////////////////////////////////////////////////////////

10:37:14:info     | ////////////////////////////////////////////////////////////////////////////////
10:37:14:info     | // Synthesized Data
10:37:14:info     | ////////////////////////////////////////////////////////////////////////////////
10:37:14:info     | Summary
10:37:14:info     | +-----------+-------+------------+-------+-----------+
                  | | Registers | Buses | Clock Nets | Inits | No Resets |
                  | +-----------+-------+------------+-------+-----------+
                  | | 0         | 0     | 0          | 0     | 0         |
                  | +-----------+-------+------------+-------+-----------+
                  | 
10:37:14:info     | Nothing to report
10:37:14:info     | ////////////////////////////////////////////////////////////////////////////////
10:37:14:info     | // Mapped Data
10:37:14:info     | ////////////////////////////////////////////////////////////////////////////////
10:37:14:info     | Summary
10:37:14:info     | +-----------+-------+------------+-------+-----------+
                  | | Registers | Buses | Clock Nets | Inits | No Resets |
                  | +-----------+-------+------------+-------+-----------+
                  | | 0         | 0     | 0          | 8     | 8         |
                  | +-----------+-------+------------+-------+-----------+
                  | 
10:37:14:info     | Nothing to report
10:37:15:info     | ////////////////////////////////////////////////////////////////////////////////
10:37:15:info     | // Converted Data
10:37:15:info     | ////////////////////////////////////////////////////////////////////////////////
10:37:15:info     | Summary
10:37:15:info     | +-----------+-------+------------+-------+-----------+
                  | | Registers | Buses | Clock Nets | Inits | No Resets |
                  | +-----------+-------+------------+-------+-----------+
                  | | 0         | 0     | 0          | 8     | 8         |
                  | +-----------+-------+------------+-------+-----------+
                  | 
10:37:15:info     | Nothing to report
10:37:17:info     | ////////////////////////////////////////////////////////////////////////////////
10:37:17:info     | // Prepared Data
10:37:17:info     | ////////////////////////////////////////////////////////////////////////////////
10:37:17:info     | Summary
10:37:17:info     | +-----------+-------+------------+-------+-----------+
                  | | Registers | Buses | Clock Nets | Inits | No Resets |
                  | +-----------+-------+------------+-------+-----------+
                  | | 0         | 0     | 0          | 8     | 8         |
                  | +-----------+-------+------------+-------+-----------+
                  | 
10:37:17:info     | Nothing to report
10:37:17:info     | ////////////////////////////////////////////////////////////////////////////////
10:37:17:info     | // Spreaded Data
10:37:17:info     | ////////////////////////////////////////////////////////////////////////////////
10:37:17:info     | Summary
10:37:17:info     | +-----------+-------+------------+-------+-----------+
                  | | Registers | Buses | Clock Nets | Inits | No Resets |
                  | +-----------+-------+------------+-------+-----------+
                  | | 0         | 0     | 0          | 8     | 8         |
                  | +-----------+-------+------------+-------+-----------+
                  | 
10:37:17:info     | Nothing to report
10:37:18:info     | ////////////////////////////////////////////////////////////////////////////////
10:37:18:info     | // Placed Data
10:37:18:info     | ////////////////////////////////////////////////////////////////////////////////
10:37:18:info     | Summary
10:37:18:info     | +-----------+-------+------------+-------+-----------+
                  | | Registers | Buses | Clock Nets | Inits | No Resets |
                  | +-----------+-------+------------+-------+-----------+
                  | | 0         | 0     | 0          | 8     | 8         |
                  | +-----------+-------+------------+-------+-----------+
                  | 
10:37:18:info     | Nothing to report
10:37:18:info     | ////////////////////////////////////////////////////////////////////////////////
10:37:18:info     | // Polished Data
10:37:18:info     | ////////////////////////////////////////////////////////////////////////////////
10:37:18:info     | Summary
10:37:18:info     | +-----------+-------+------------+-------+-----------+
                  | | Registers | Buses | Clock Nets | Inits | No Resets |
                  | +-----------+-------+------------+-------+-----------+
                  | | 0         | 0     | 0          | 8     | 8         |
                  | +-----------+-------+------------+-------+-----------+
                  | 
10:37:18:info     | Nothing to report
10:37:18:info     | ////////////////////////////////////////////////////////////////////////////////
10:37:18:info     | // Squaded Data
10:37:18:info     | ////////////////////////////////////////////////////////////////////////////////
10:37:18:info     | Summary
10:37:18:info     | +-----------+-------+------------+-------+-----------+
                  | | Registers | Buses | Clock Nets | Inits | No Resets |
                  | +-----------+-------+------------+-------+-----------+
                  | | 0         | 0     | 0          | 8     | 8         |
                  | +-----------+-------+------------+-------+-----------+
                  | 
10:37:18:info     | Nothing to report
10:37:19:info     | ////////////////////////////////////////////////////////////////////////////////
10:37:19:info     | // Grouped Data
10:37:19:info     | ////////////////////////////////////////////////////////////////////////////////
10:37:19:info     | Summary
10:37:19:info     | +-----------+-------+------------+-------+-----------+
                  | | Registers | Buses | Clock Nets | Inits | No Resets |
                  | +-----------+-------+------------+-------+-----------+
                  | | 0         | 0     | 0          | 8     | 8         |
                  | +-----------+-------+------------+-------+-----------+
                  | 
10:37:19:info     | Nothing to report
10:37:19:info     | ////////////////////////////////////////////////////////////////////////////////
10:37:19:info     | // Spotted Data
10:37:19:info     | ////////////////////////////////////////////////////////////////////////////////
10:37:19:info     | Summary
10:37:19:info     | +-----------+-------+------------+-------+-----------+
                  | | Registers | Buses | Clock Nets | Inits | No Resets |
                  | +-----------+-------+------------+-------+-----------+
                  | | 0         | 0     | 0          | 8     | 8         |
                  | +-----------+-------+------------+-------+-----------+
                  | 
10:37:19:info     | Nothing to report
10:37:32:info     |       +----------+------+------------+------+-----------+-------------+-----------+----------+--------------+
                  |       |   Name   | Size | Max Fanout | Type | Clock Net | Sensitivity | Reset Net | Load Net |    Source    |
                  |       +----------+------+------------+------+-----------+-------------+-----------+----------+--------------+
                  |       | data_reg |    8 |          1 | DFF  | i_clk     | Rising      | None      | None     | test1.vhd:71 |
                  |       +----------+------+------------+------+-----------+-------------+-----------+----------+--------------+
                  |       
10:37:32:info     |       Bus Total: 1
10:37:32:info     |     ////////////////////////////////////////////////////////////////////////////////
10:37:32:info     |     // Routed Data
10:37:32:info     |     ////////////////////////////////////////////////////////////////////////////////
10:37:32:info     |       data_reg: 8/[0-7]
10:37:32:info     |       -----------------
10:37:32:info     |         Type:          DFF
10:37:32:info     |         Clock Net:     i_clk
10:37:32:info     |         Sensitivity:   Rising
10:37:32:info     |         Source:        ../test1.vhd:71
10:37:32:info     |         +-------------+------------+
                  |         | Name        | FanOut     |
                  |         +-------------+------------+
                  |         | data_reg[1] | 1          |
                  |         | data_reg[3] | 1          |
                  |         | data_reg[7] | 1          |
                  |         | data_reg[2] | 1          |
                  |         | data_reg[0] | 1          |
                  |         | data_reg[6] | 1          |
                  |         | data_reg[4] | 1          |
                  |         | data_reg[5] | 1          |
                  |         +-------------+------------+
                  |         
10:37:32:info     |         
10:37:32:info     |       Bus Total: 1
10:37:32:info     |       Register Total: 8

10:37:32:info     | ////////////////////////////////////////////////////////////////////////////////
10:37:32:info     | // Routed Data
10:37:32:info     | ////////////////////////////////////////////////////////////////////////////////
10:37:32:info     | Summary
10:37:32:info     | +-----------+-------+------------+-------+-----------+
                  | | Registers | Buses | Clock Nets | Inits | No Resets |
                  | +-----------+-------+------------+-------+-----------+
                  | | 8         | 1     | 1          | 8     | 8         |
                  | +-----------+-------+------------+-------+-----------+
                  | 
10:37:32:info     | +-------------------+------+------------+-----------+----------+-----------+------------+-----------------+-------------+
                  | | Name              | Type | Bus (size) | Clock Net | Load Net | Reset Net | Reset Mode | Source          | Sensitivity |
                  | +-------------------+------+------------+-----------+----------+-----------+------------+-----------------+-------------+
                  | | data_reg: 8/[0-7] | DFF  | X(8)       | i_clk     |          |           |            | ../test1.vhd:71 | Rising      |
                  | +-------------------+------+------------+-----------+----------+-----------+------------+-----------------+-------------+
                  | 
10:37:32:info     | data_reg: 8/[0-7]
10:37:32:info     |   Type:          DFF
10:37:32:info     |   Clock Net:     i_clk
10:37:32:info     |   Sensitivity:   Rising
10:37:32:info     |   Source:        ../test1.vhd:71
10:37:32:info     |   +-------------+--------+
                  |   | Name        | FanOut |
                  |   +-------------+--------+
                  |   | data_reg[1] | 1      |
                  |   | data_reg[3] | 1      |
                  |   | data_reg[7] | 1      |
                  |   | data_reg[2] | 1      |
                  |   | data_reg[0] | 1      |
                  |   | data_reg[6] | 1      |
                  |   | data_reg[4] | 1      |
                  |   | data_reg[5] | 1      |
                  |   +-------------+--------+
                  |   
10:37:32:info     |   
