////////////////////////////////////////////////////////////////////////////////
// NXpython v23.3.0.2
// Build date and time:  2023-09-29 15:22:00
// Internal revision:    branch HEAD - hash c27499706...
//
// Distribution:         Ubuntu 22.04.3 LTS
// Execution date:       Tue Oct 31 09:25:42 2023
// Command line:         /opt/NanoXplore/nxmap/nxmap-23.3.0.2/bin/nxpython3 ./NX.py
// Process ID:           3334006
////////////////////////////////////////////////////////////////////////////////

09:25:43:info     |   ----------------------------------------------
09:25:43:info     |   - Unconnected Nets analysis                  -
09:25:43:info     |   ----------------------------------------------
09:25:43:info     |     
09:25:43:info     |     --------------------------------------------
09:25:43:info     |     - Cells Summary                            -
09:25:43:info     |     --------------------------------------------
09:25:43:info     |     
09:25:43:info     |     
09:25:43:info     |     --------------------------------------------
09:25:43:info     |     - Cells Global Report                      -
09:25:43:info     |     --------------------------------------------
09:25:43:info     |     
09:25:43:info     |     --------------------------------------------
09:25:43:info     |     - Cells Detailed Report                    -
09:25:43:info     |     --------------------------------------------
09:25:43:info     |     
