////////////////////////////////////////////////////////////////////////////////
// NXpython v23.3.0.2
// Build date and time:  2023-09-29 15:22:00
// Internal revision:    branch HEAD - hash c27499706...
//
// Distribution:         Ubuntu 22.04.3 LTS
// Execution date:       Tue Oct 31 09:22:54 2023
// Command line:         /opt/NanoXplore/nxmap/nxmap-23.3.0.2/bin/nxpython3 ./NX.py
// Process ID:           3332651
////////////////////////////////////////////////////////////////////////////////

09:22:54:info     |   ----------------------------------------------
09:22:54:info     |   - Unconnected Nets analysis                  -
09:22:54:info     |   ----------------------------------------------
09:22:55:info     |     
09:22:55:info     |     --------------------------------------------
09:22:55:info     |     - Cells Summary                            -
09:22:55:info     |     --------------------------------------------
09:22:55:info     |     
09:22:55:info     |     
09:22:55:info     |     --------------------------------------------
09:22:55:info     |     - Cells Global Report                      -
09:22:55:info     |     --------------------------------------------
09:22:55:info     |     
09:22:55:info     |     --------------------------------------------
09:22:55:info     |     - Cells Detailed Report                    -
09:22:55:info     |     --------------------------------------------
09:22:55:info     |     
