////////////////////////////////////////////////////////////////////////////////
// NXpython v23.3.0.2
// Build date and time:  2023-09-29 15:22:00
// Internal revision:    branch HEAD - hash c27499706...
//
// Distribution:         Ubuntu 22.04.3 LTS
// Execution date:       Tue Oct 31 09:24:47 2023
// Command line:         /opt/NanoXplore/nxmap/nxmap-23.3.0.2/bin/nxpython3 ./NX.py
// Process ID:           3333634
////////////////////////////////////////////////////////////////////////////////

09:24:49:info     |   
09:24:49:info     |   Reporting instances at state 'Synthesized':
09:24:49:info     |     +----------------+---------------+--------------+---------------+-------------+-------------+--------+-------------+-------------+------------+-----------+----------+------------+
                  |     |                |               |              |    1 - bit    |  Register   |    Cross    | Clock  |    Clock    |   Digital   |   Memory   |           |          |            |
                  |     |     4-LUT      |      DFF      |     XLUT     |     Carry     |    file     |   domain    | Buffer |   switch    |   signal    |   block    |    WFG    |   PLL    |    GCK     |
                  |     |                |               |              |               |    block    |    clock    |        |             |  processor  |            |           |          |            |
                  |     +----------------+---------------+--------------+---------------+-------------+-------------+--------+-------------+-------------+------------+-----------+----------+------------+
                  |     | 16/505344 (1%) | 0/505344 (0%) | 0/31584 (0%) | 0/126336 (0%) | 0/2632 (0%) | 0/2632 (0%) |   0    | 0/5264 (0%) | 0/1344 (0%) | 0/672 (0%) | 0/70 (0%) | 0/7 (0%) | 0/160 (0%) |
                  |     +----------------+---------------+--------------+---------------+-------------+-------------+--------+-------------+-------------+------------+-----------+----------+------------+
                  |     
09:24:49:info     |   Actual FE occupancy is 16/505344 (1%)
09:24:49:info     |     
09:24:49:info     |     Some instances (Register File, Carry, Cross Domain Clock and Clock Switch) use Functional Elements (FEs) to accomodate signal input(s) and output(s).
09:24:49:info     |     These FEs are automatically created when processing the design. Please check the CookBook for more information.
09:24:49:info     |     The following table details the use of FEs.
09:24:49:info     |     +----------------++--------------------------------------+
                  |     |     Total      ||               Used By                |
                  |     |       FE       ||       |  DFF   |    |    |     |     |
                  |     |     Count      || 4-LUT | Buffer | CY | RF | CDC | CKS |
                  |     +----------------++-------+--------+----+----+-----+-----+
                  |     | 16/505344 (1%) ||  16   |   0    | 0  | 0  |  0  |  0  |
                  |     +----------------++-------+--------+----+----+-----+-----+
                  |     
09:24:49:info     |     
09:24:49:info     |     Several instances have registers, depending on configuration. Please check the CookBook or the NX Library Guide for more information.
09:24:49:info     |     The following table lists the number of registers for each instance type.
09:24:49:info     |     +----------++-----------------------+
                  |     |  Total   ||        Used By        |
                  |     | Register ||    |     |     |      |
                  |     |  Count   || FE | DSP | RAM | Pads |
                  |     +----------++----+-----+-----+------+
                  |     |    0     || 0  |  0  |  0  |  0   |
                  |     +----------++----+-----+-----+------+
                  |     
09:24:50:info     |   
09:24:50:info     |   Reporting instances at state 'Prepared':
09:24:50:info     |     +----------------+---------------+--------------+---------------+-------------+-------------+--------+-------------+-------------+------------+-----------+----------+------------+
                  |     |                |               |              |    1 - bit    |  Register   |    Cross    | Clock  |    Clock    |   Digital   |   Memory   |           |          |            |
                  |     |     4-LUT      |      DFF      |     XLUT     |     Carry     |    file     |   domain    | Buffer |   switch    |   signal    |   block    |    WFG    |   PLL    |    GCK     |
                  |     |                |               |              |               |    block    |    clock    |        |             |  processor  |            |           |          |            |
                  |     +----------------+---------------+--------------+---------------+-------------+-------------+--------+-------------+-------------+------------+-----------+----------+------------+
                  |     | 16/505344 (1%) | 0/505344 (0%) | 0/31584 (0%) | 0/126336 (0%) | 0/2632 (0%) | 0/2632 (0%) |   0    | 0/5264 (0%) | 0/1344 (0%) | 0/672 (0%) | 0/70 (0%) | 0/7 (0%) | 0/160 (0%) |
                  |     +----------------+---------------+--------------+---------------+-------------+-------------+--------+-------------+-------------+------------+-----------+----------+------------+
                  |     
09:24:50:info     |   Actual FE occupancy is 16/505344 (1%)
09:24:50:info     |     
09:24:50:info     |     Some instances (Register File, Carry, Cross Domain Clock and Clock Switch) use Functional Elements (FEs) to accomodate signal input(s) and output(s).
09:24:50:info     |     These FEs are automatically created when processing the design. Please check the CookBook for more information.
09:24:50:info     |     The following table details the use of FEs.
09:24:50:info     |     +----------------++--------------------------------------+
                  |     |     Total      ||               Used By                |
                  |     |       FE       ||       |  DFF   |    |    |     |     |
                  |     |     Count      || 4-LUT | Buffer | CY | RF | CDC | CKS |
                  |     +----------------++-------+--------+----+----+-----+-----+
                  |     | 16/505344 (1%) ||  16   |   0    | 0  | 0  |  0  |  0  |
                  |     +----------------++-------+--------+----+----+-----+-----+
                  |     
09:24:50:info     |     
09:24:50:info     |     Several instances have registers, depending on configuration. Please check the CookBook or the NX Library Guide for more information.
09:24:50:info     |     The following table lists the number of registers for each instance type.
09:24:50:info     |     +----------++-----------------------+
                  |     |  Total   ||        Used By        |
                  |     | Register ||    |     |     |      |
                  |     |  Count   || FE | DSP | RAM | Pads |
                  |     +----------++----+-----+-----+------+
                  |     |    0     || 0  |  0  |  0  |  0   |
                  |     +----------++----+-----+-----+------+
                  |     
09:25:05:info     |   
09:25:05:info     |   Reporting instances at state 'Routed':
09:25:05:info     |     +----------------+---------------+--------------+---------------+-------------+-------------+--------+-------------+-------------+------------+-----------+----------+------------+
                  |     |                |               |              |    1 - bit    |  Register   |    Cross    | Clock  |    Clock    |   Digital   |   Memory   |           |          |            |
                  |     |     4-LUT      |      DFF      |     XLUT     |     Carry     |    file     |   domain    | Buffer |   switch    |   signal    |   block    |    WFG    |   PLL    |    GCK     |
                  |     |                |               |              |               |    block    |    clock    |        |             |  processor  |            |           |          |            |
                  |     +----------------+---------------+--------------+---------------+-------------+-------------+--------+-------------+-------------+------------+-----------+----------+------------+
                  |     | 16/505344 (1%) | 0/505344 (0%) | 0/31584 (0%) | 0/126336 (0%) | 0/2632 (0%) | 0/2632 (0%) |   0    | 0/5264 (0%) | 0/1344 (0%) | 0/672 (0%) | 0/70 (0%) | 0/7 (0%) | 0/160 (0%) |
                  |     +----------------+---------------+--------------+---------------+-------------+-------------+--------+-------------+-------------+------------+-----------+----------+------------+
                  |     
09:25:05:info     |   Actual FE occupancy is 16/505344 (1%)
09:25:05:info     |     
09:25:05:info     |     Some instances (Register File, Carry, Cross Domain Clock and Clock Switch) use Functional Elements (FEs) to accomodate signal input(s) and output(s).
09:25:05:info     |     These FEs are automatically created when processing the design. Please check the CookBook for more information.
09:25:05:info     |     The following table details the use of FEs.
09:25:05:info     |     +----------------++--------------------------------------+
                  |     |     Total      ||               Used By                |
                  |     |       FE       ||       |  DFF   |    |    |     |     |
                  |     |     Count      || 4-LUT | Buffer | CY | RF | CDC | CKS |
                  |     +----------------++-------+--------+----+----+-----+-----+
                  |     | 16/505344 (1%) ||  16   |   0    | 0  | 0  |  0  |  0  |
                  |     +----------------++-------+--------+----+----+-----+-----+
                  |     
09:25:05:info     |     
09:25:05:info     |     Several instances have registers, depending on configuration. Please check the CookBook or the NX Library Guide for more information.
09:25:05:info     |     The following table lists the number of registers for each instance type.
09:25:05:info     |     +----------++-----------------------+
                  |     |  Total   ||        Used By        |
                  |     | Register ||    |     |     |      |
                  |     |  Count   || FE | DSP | RAM | Pads |
                  |     +----------++----+-----+-----+------+
                  |     |    0     || 0  |  0  |  0  |  0   |
                  |     +----------++----+-----+-----+------+
                  |     
