////////////////////////////////////////////////////////////////////////////////
// NXpython v23.3.0.2
// Build date and time:  2023-09-29 15:22:00
// Internal revision:    branch HEAD - hash c27499706...
//
// Distribution:         Ubuntu 22.04.3 LTS
// Execution date:       Tue Oct 31 10:32:11 2023
// Command line:         /opt/NanoXplore/nxmap/nxmap-23.3.0.2/bin/nxpython3 ./NX.py
// Process ID:           3365233
////////////////////////////////////////////////////////////////////////////////

10:32:12:info     | ////////////////////////////////////////////////////////////////////////////////
10:32:12:info     | // Synthesized Data
10:32:12:info     | ////////////////////////////////////////////////////////////////////////////////
10:32:12:info     | Synthesized Latches : 
10:32:12:info     |   ----------------------------------------------
10:32:12:info     |   - Latch Instances processing                 -
10:32:12:info     |   ----------------------------------------------
10:32:12:info     |     Cell: test1	: data1_reg[0]
10:32:12:info     |     Cell: test1	: data1_reg[1]
10:32:12:info     |     Cell: test1	: data1_reg[2]
10:32:12:info     |     Cell: test1	: data1_reg[3]
10:32:12:info     |     Cell: test1	: data1_reg[4]
10:32:12:info     |     Cell: test1	: data1_reg[5]
10:32:12:info     |     Cell: test1	: data1_reg[6]
10:32:12:info     |     Cell: test1	: data1_reg[7]
10:32:12:info     |     Cell: test1	: data_reg[0]
10:32:12:info     |     Cell: test1	: data_reg[1]
10:32:12:info     |     Cell: test1	: data_reg[2]
10:32:12:info     |     Cell: test1	: data_reg[3]
10:32:12:info     |     Cell: test1	: data_reg[4]
10:32:12:info     |     Cell: test1	: data_reg[5]
10:32:12:info     |     Cell: test1	: data_reg[6]
10:32:12:info     |     Cell: test1	: data_reg[7]
