////////////////////////////////////////////////////////////////////////////////
// NXpython v23.3.0.2
// Build date and time:  2023-09-29 15:22:00
// Internal revision:    branch HEAD - hash c27499706...
//
// Distribution:         Ubuntu 22.04.3 LTS
// Execution date:       Tue Oct 31 10:32:11 2023
// Command line:         /opt/NanoXplore/nxmap/nxmap-23.3.0.2/bin/nxpython3 ./NX.py
// Process ID:           3365233
////////////////////////////////////////////////////////////////////////////////

10:32:15:info     |   Lowskew network statistics at state: Prepared
10:32:15:info     |     Lowskew signals: 0
10:32:15:info     |     Total lowskew branches: 0
10:32:15:info     |     
10:32:15:info     |     Lowskew signals list:
10:32:15:info     |     
10:32:15:info     |     Lobe occupancy:
10:32:15:info     |     
10:32:15:info     |     Lobe contents:
10:32:15:info     |   
10:32:15:info     |   
10:32:16:info     |   Lowskew network statistics at state: Spreaded
10:32:16:info     |     Lowskew signals: 0
10:32:16:info     |     Total lowskew branches: 0
10:32:16:info     |     
10:32:16:info     |     Lowskew signals list:
10:32:16:info     |     
10:32:16:info     |     Lobe occupancy:
10:32:16:info     |     
10:32:16:info     |     Lobe contents:
10:32:16:info     |   
10:32:16:info     |   
10:32:16:info     |   Lowskew network statistics at state: Placed
10:32:16:info     |     Lowskew signals: 0
10:32:16:info     |     Total lowskew branches: 0
10:32:16:info     |     
10:32:16:info     |     Lowskew signals list:
10:32:16:info     |     
10:32:16:info     |     Lobe occupancy:
10:32:16:info     |     
10:32:16:info     |     Lobe contents:
10:32:16:info     |   
10:32:16:info     |   
10:32:32:info     |   Lowskew network statistics at state: Routed
10:32:32:info     |     Lowskew signals: 0
10:32:32:info     |     Total lowskew branches: 0
10:32:32:info     |     
10:32:32:info     |     Lowskew signals list:
10:32:32:info     |     
10:32:32:info     |     Lobe occupancy:
10:32:32:info     |     
10:32:32:info     |     Lobe contents:
10:32:32:info     |   
10:32:32:info     |   
