////////////////////////////////////////////////////////////////////////////////
// NXpython v23.3.0.2
// Build date and time:  2023-09-29 15:22:00
// Internal revision:    branch HEAD - hash c27499706...
//
// Distribution:         Ubuntu 22.04.3 LTS
// Execution date:       Tue Oct 31 09:24:47 2023
// Command line:         /opt/NanoXplore/nxmap/nxmap-23.3.0.2/bin/nxpython3 ./NX.py
// Process ID:           3333634
////////////////////////////////////////////////////////////////////////////////

09:24:48:info     | ////////////////////////////////////////////////////////////////////////////////
09:24:48:info     | // Synthesized Data
09:24:48:info     | ////////////////////////////////////////////////////////////////////////////////
09:24:48:info     | Summary
09:24:48:info     | +-----------+-------+------------+-------+-----------+
                  | | Registers | Buses | Clock Nets | Inits | No Resets |
                  | +-----------+-------+------------+-------+-----------+
                  | | 0         | 0     | 0          | 0     | 0         |
                  | +-----------+-------+------------+-------+-----------+
                  | 
09:24:48:info     | Nothing to report
09:24:49:info     | ////////////////////////////////////////////////////////////////////////////////
09:24:49:info     | // Mapped Data
09:24:49:info     | ////////////////////////////////////////////////////////////////////////////////
09:24:49:info     | Summary
09:24:49:info     | +-----------+-------+------------+-------+-----------+
                  | | Registers | Buses | Clock Nets | Inits | No Resets |
                  | +-----------+-------+------------+-------+-----------+
                  | | 0         | 0     | 0          | 0     | 0         |
                  | +-----------+-------+------------+-------+-----------+
                  | 
09:24:49:info     | Nothing to report
09:24:49:info     | ////////////////////////////////////////////////////////////////////////////////
09:24:49:info     | // Converted Data
09:24:49:info     | ////////////////////////////////////////////////////////////////////////////////
09:24:49:info     | Summary
09:24:49:info     | +-----------+-------+------------+-------+-----------+
                  | | Registers | Buses | Clock Nets | Inits | No Resets |
                  | +-----------+-------+------------+-------+-----------+
                  | | 0         | 0     | 0          | 0     | 0         |
                  | +-----------+-------+------------+-------+-----------+
                  | 
09:24:49:info     | Nothing to report
09:24:50:info     | ////////////////////////////////////////////////////////////////////////////////
09:24:50:info     | // Prepared Data
09:24:50:info     | ////////////////////////////////////////////////////////////////////////////////
09:24:50:info     | Summary
09:24:50:info     | +-----------+-------+------------+-------+-----------+
                  | | Registers | Buses | Clock Nets | Inits | No Resets |
                  | +-----------+-------+------------+-------+-----------+
                  | | 0         | 0     | 0          | 0     | 0         |
                  | +-----------+-------+------------+-------+-----------+
                  | 
09:24:50:info     | Nothing to report
09:24:51:info     | ////////////////////////////////////////////////////////////////////////////////
09:24:51:info     | // Spreaded Data
09:24:51:info     | ////////////////////////////////////////////////////////////////////////////////
09:24:51:info     | Summary
09:24:51:info     | +-----------+-------+------------+-------+-----------+
                  | | Registers | Buses | Clock Nets | Inits | No Resets |
                  | +-----------+-------+------------+-------+-----------+
                  | | 0         | 0     | 0          | 0     | 0         |
                  | +-----------+-------+------------+-------+-----------+
                  | 
09:24:51:info     | Nothing to report
09:24:51:info     | ////////////////////////////////////////////////////////////////////////////////
09:24:51:info     | // Placed Data
09:24:51:info     | ////////////////////////////////////////////////////////////////////////////////
09:24:51:info     | Summary
09:24:51:info     | +-----------+-------+------------+-------+-----------+
                  | | Registers | Buses | Clock Nets | Inits | No Resets |
                  | +-----------+-------+------------+-------+-----------+
                  | | 0         | 0     | 0          | 0     | 0         |
                  | +-----------+-------+------------+-------+-----------+
                  | 
09:24:51:info     | Nothing to report
09:24:51:info     | ////////////////////////////////////////////////////////////////////////////////
09:24:51:info     | // Polished Data
09:24:51:info     | ////////////////////////////////////////////////////////////////////////////////
09:24:51:info     | Summary
09:24:51:info     | +-----------+-------+------------+-------+-----------+
                  | | Registers | Buses | Clock Nets | Inits | No Resets |
                  | +-----------+-------+------------+-------+-----------+
                  | | 0         | 0     | 0          | 0     | 0         |
                  | +-----------+-------+------------+-------+-----------+
                  | 
09:24:51:info     | Nothing to report
09:24:51:info     | ////////////////////////////////////////////////////////////////////////////////
09:24:51:info     | // Squaded Data
09:24:51:info     | ////////////////////////////////////////////////////////////////////////////////
09:24:51:info     | Summary
09:24:51:info     | +-----------+-------+------------+-------+-----------+
                  | | Registers | Buses | Clock Nets | Inits | No Resets |
                  | +-----------+-------+------------+-------+-----------+
                  | | 0         | 0     | 0          | 0     | 0         |
                  | +-----------+-------+------------+-------+-----------+
                  | 
09:24:51:info     | Nothing to report
09:24:52:info     | ////////////////////////////////////////////////////////////////////////////////
09:24:52:info     | // Grouped Data
09:24:52:info     | ////////////////////////////////////////////////////////////////////////////////
09:24:52:info     | Summary
09:24:52:info     | +-----------+-------+------------+-------+-----------+
                  | | Registers | Buses | Clock Nets | Inits | No Resets |
                  | +-----------+-------+------------+-------+-----------+
                  | | 0         | 0     | 0          | 0     | 0         |
                  | +-----------+-------+------------+-------+-----------+
                  | 
09:24:52:info     | Nothing to report
09:24:52:info     | ////////////////////////////////////////////////////////////////////////////////
09:24:52:info     | // Spotted Data
09:24:52:info     | ////////////////////////////////////////////////////////////////////////////////
09:24:52:info     | Summary
09:24:52:info     | +-----------+-------+------------+-------+-----------+
                  | | Registers | Buses | Clock Nets | Inits | No Resets |
                  | +-----------+-------+------------+-------+-----------+
                  | | 0         | 0     | 0          | 0     | 0         |
                  | +-----------+-------+------------+-------+-----------+
                  | 
09:24:52:info     | Nothing to report
09:25:05:info     | ////////////////////////////////////////////////////////////////////////////////
09:25:05:info     | // Routed Data
09:25:05:info     | ////////////////////////////////////////////////////////////////////////////////
09:25:05:info     | Summary
09:25:05:info     | +-----------+-------+------------+-------+-----------+
                  | | Registers | Buses | Clock Nets | Inits | No Resets |
                  | +-----------+-------+------------+-------+-----------+
                  | | 0         | 0     | 0          | 0     | 0         |
                  | +-----------+-------+------------+-------+-----------+
                  | 
09:25:05:info     | Nothing to report
